  Determining projects to restore...
  All projects are up-to-date for restore.
  PolicyFramework.Core -> E:\Sources\repos\SamSoft.PolicyFramework\ErpPolicyFramework\src\PolicyFramework.Core\bin\Debug\net8.0\PolicyFramework.Core.dll
  PolicyFramework.Modules.Inventory -> E:\Sources\repos\SamSoft.PolicyFramework\ErpPolicyFramework\src\PolicyFramework.Modules.Inventory\bin\Debug\net8.0\PolicyFramework.Modules.Inventory.dll
  PolicyFramework.Modules.Accounting -> E:\Sources\repos\SamSoft.PolicyFramework\ErpPolicyFramework\src\PolicyFramework.Modules.Accounting\bin\Debug\net8.0\PolicyFramework.Modules.Accounting.dll
  PolicyFramework.Modules.Posting -> E:\Sources\repos\SamSoft.PolicyFramework\ErpPolicyFramework\src\PolicyFramework.Modules.Posting\bin\Debug\net8.0\PolicyFramework.Modules.Posting.dll
E:\Sources\repos\SamSoft.PolicyFramework\ErpPolicyFramework\tests\PolicyFramework.Tests\Core\DependencyInjectionTests.cs(152,54): error CS9035: Required member 'AccountAssignmentContext.CreditLimit' must be set in the object initializer or attribute constructor. [E:\Sources\repos\SamSoft.PolicyFramework\ErpPolicyFramework\tests\PolicyFramework.Tests\PolicyFramework.Tests.csproj]
E:\Sources\repos\SamSoft.PolicyFramework\ErpPolicyFramework\tests\PolicyFramework.Tests\Core\DependencyInjectionTests.cs(152,54): error CS9035: Required member 'AccountAssignmentContext.CurrentBalance' must be set in the object initializer or attribute constructor. [E:\Sources\repos\SamSoft.PolicyFramework\ErpPolicyFramework\tests\PolicyFramework.Tests\PolicyFramework.Tests.csproj]
E:\Sources\repos\SamSoft.PolicyFramework\ErpPolicyFramework\src\PolicyFramework.Host\Program.cs(245,44): error CS9035: Required member 'AccountAssignmentContext.CreditLimit' must be set in the object initializer or attribute constructor. [E:\Sources\repos\SamSoft.PolicyFramework\ErpPolicyFramework\src\PolicyFramework.Host\PolicyFramework.Host.csproj]
E:\Sources\repos\SamSoft.PolicyFramework\ErpPolicyFramework\src\PolicyFramework.Host\Program.cs(245,44): error CS9035: Required member 'AccountAssignmentContext.CurrentBalance' must be set in the object initializer or attribute constructor. [E:\Sources\repos\SamSoft.PolicyFramework\ErpPolicyFramework\src\PolicyFramework.Host\PolicyFramework.Host.csproj]
E:\Sources\repos\SamSoft.PolicyFramework\ErpPolicyFramework\src\PolicyFramework.Host\Program.cs(279,29): error CS0029: Cannot implicitly convert type 'System.Threading.Tasks.Task<decimal>' to 'System.Threading.Tasks.Task<decimal?>' [E:\Sources\repos\SamSoft.PolicyFramework\ErpPolicyFramework\src\PolicyFramework.Host\PolicyFramework.Host.csproj]
E:\Sources\repos\SamSoft.PolicyFramework\ErpPolicyFramework\src\PolicyFramework.Host\Program.cs(279,29): error CS1662: Cannot convert lambda expression to intended delegate type because some of the return types in the block are not implicitly convertible to the delegate return type [E:\Sources\repos\SamSoft.PolicyFramework\ErpPolicyFramework\src\PolicyFramework.Host\PolicyFramework.Host.csproj]
E:\Sources\repos\SamSoft.PolicyFramework\ErpPolicyFramework\src\PolicyFramework.Host\Program.cs(280,32): error CS0029: Cannot implicitly convert type 'System.Threading.Tasks.Task<decimal>' to 'System.Threading.Tasks.Task<decimal?>' [E:\Sources\repos\SamSoft.PolicyFramework\ErpPolicyFramework\src\PolicyFramework.Host\PolicyFramework.Host.csproj]
E:\Sources\repos\SamSoft.PolicyFramework\ErpPolicyFramework\src\PolicyFramework.Host\Program.cs(280,32): error CS1662: Cannot convert lambda expression to intended delegate type because some of the return types in the block are not implicitly convertible to the delegate return type [E:\Sources\repos\SamSoft.PolicyFramework\ErpPolicyFramework\src\PolicyFramework.Host\PolicyFramework.Host.csproj]
E:\Sources\repos\SamSoft.PolicyFramework\ErpPolicyFramework\src\PolicyFramework.Host\Program.cs(312,22): error CS9035: Required member 'AccountAssignmentContext.CreditLimit' must be set in the object initializer or attribute constructor. [E:\Sources\repos\SamSoft.PolicyFramework\ErpPolicyFramework\src\PolicyFramework.Host\PolicyFramework.Host.csproj]
E:\Sources\repos\SamSoft.PolicyFramework\ErpPolicyFramework\src\PolicyFramework.Host\Program.cs(312,22): error CS9035: Required member 'AccountAssignmentContext.CurrentBalance' must be set in the object initializer or attribute constructor. [E:\Sources\repos\SamSoft.PolicyFramework\ErpPolicyFramework\src\PolicyFramework.Host\PolicyFramework.Host.csproj]

Build FAILED.

E:\Sources\repos\SamSoft.PolicyFramework\ErpPolicyFramework\tests\PolicyFramework.Tests\Core\DependencyInjectionTests.cs(152,54): error CS9035: Required member 'AccountAssignmentContext.CreditLimit' must be set in the object initializer or attribute constructor. [E:\Sources\repos\SamSoft.PolicyFramework\ErpPolicyFramework\tests\PolicyFramework.Tests\PolicyFramework.Tests.csproj]
E:\Sources\repos\SamSoft.PolicyFramework\ErpPolicyFramework\tests\PolicyFramework.Tests\Core\DependencyInjectionTests.cs(152,54): error CS9035: Required member 'AccountAssignmentContext.CurrentBalance' must be set in the object initializer or attribute constructor. [E:\Sources\repos\SamSoft.PolicyFramework\ErpPolicyFramework\tests\PolicyFramework.Tests\PolicyFramework.Tests.csproj]
E:\Sources\repos\SamSoft.PolicyFramework\ErpPolicyFramework\src\PolicyFramework.Host\Program.cs(245,44): error CS9035: Required member 'AccountAssignmentContext.CreditLimit' must be set in the object initializer or attribute constructor. [E:\Sources\repos\SamSoft.PolicyFramework\ErpPolicyFramework\src\PolicyFramework.Host\PolicyFramework.Host.csproj]
E:\Sources\repos\SamSoft.PolicyFramework\ErpPolicyFramework\src\PolicyFramework.Host\Program.cs(245,44): error CS9035: Required member 'AccountAssignmentContext.CurrentBalance' must be set in the object initializer or attribute constructor. [E:\Sources\repos\SamSoft.PolicyFramework\ErpPolicyFramework\src\PolicyFramework.Host\PolicyFramework.Host.csproj]
E:\Sources\repos\SamSoft.PolicyFramework\ErpPolicyFramework\src\PolicyFramework.Host\Program.cs(279,29): error CS0029: Cannot implicitly convert type 'System.Threading.Tasks.Task<decimal>' to 'System.Threading.Tasks.Task<decimal?>' [E:\Sources\repos\SamSoft.PolicyFramework\ErpPolicyFramework\src\PolicyFramework.Host\PolicyFramework.Host.csproj]
E:\Sources\repos\SamSoft.PolicyFramework\ErpPolicyFramework\src\PolicyFramework.Host\Program.cs(279,29): error CS1662: Cannot convert lambda expression to intended delegate type because some of the return types in the block are not implicitly convertible to the delegate return type [E:\Sources\repos\SamSoft.PolicyFramework\ErpPolicyFramework\src\PolicyFramework.Host\PolicyFramework.Host.csproj]
E:\Sources\repos\SamSoft.PolicyFramework\ErpPolicyFramework\src\PolicyFramework.Host\Program.cs(280,32): error CS0029: Cannot implicitly convert type 'System.Threading.Tasks.Task<decimal>' to 'System.Threading.Tasks.Task<decimal?>' [E:\Sources\repos\SamSoft.PolicyFramework\ErpPolicyFramework\src\PolicyFramework.Host\PolicyFramework.Host.csproj]
E:\Sources\repos\SamSoft.PolicyFramework\ErpPolicyFramework\src\PolicyFramework.Host\Program.cs(280,32): error CS1662: Cannot convert lambda expression to intended delegate type because some of the return types in the block are not implicitly convertible to the delegate return type [E:\Sources\repos\SamSoft.PolicyFramework\ErpPolicyFramework\src\PolicyFramework.Host\PolicyFramework.Host.csproj]
E:\Sources\repos\SamSoft.PolicyFramework\ErpPolicyFramework\src\PolicyFramework.Host\Program.cs(312,22): error CS9035: Required member 'AccountAssignmentContext.CreditLimit' must be set in the object initializer or attribute constructor. [E:\Sources\repos\SamSoft.PolicyFramework\ErpPolicyFramework\src\PolicyFramework.Host\PolicyFramework.Host.csproj]
E:\Sources\repos\SamSoft.PolicyFramework\ErpPolicyFramework\src\PolicyFramework.Host\Program.cs(312,22): error CS9035: Required member 'AccountAssignmentContext.CurrentBalance' must be set in the object initializer or attribute constructor. [E:\Sources\repos\SamSoft.PolicyFramework\ErpPolicyFramework\src\PolicyFramework.Host\PolicyFramework.Host.csproj]
    0 Warning(s)
    10 Error(s)

Time Elapsed 00:00:03.08
